[2025-12-26 16:48:12] USER: 147274546061314@lid
[2025-12-26 16:48:12] COMMAND: restart bot
[2025-12-26 16:48:12] RESULT: Initiated
[2025-12-26 16:48:12] ---
[2025-12-26 16:57:43] USER: 147274546061314@lid
[2025-12-26 16:57:43] COMMAND: restart bot
[2025-12-26 16:57:43] RESULT: Initiated
[2025-12-26 16:57:43] ---
[2025-12-26 17:00:16] USER: 147274546061314@lid
[2025-12-26 17:00:16] COMMAND: restart bot
[2025-12-26 17:00:16] RESULT: Initiated
[2025-12-26 17:00:16] ---
[2025-12-26 17:02:13] USER: 147274546061314@lid
[2025-12-26 17:02:13] COMMAND: restart bot
[2025-12-26 17:02:13] RESULT: Initiated
[2025-12-26 17:02:13] ---
[2025-12-26 17:04:53] USER: 147274546061314@lid
[2025-12-26 17:04:53] COMMAND: restart bot
[2025-12-26 17:04:53] RESULT: Initiated
[2025-12-26 17:04:53] ---
[2025-12-26 17:11:52] USER: 147274546061314@lid
[2025-12-26 17:11:52] COMMAND: restart bot
[2025-12-26 17:11:52] RESULT: Initiated
[2025-12-26 17:11:52] ---
[2025-12-27 01:30:30] USER: 147274546061314@lid
[2025-12-27 01:30:30] COMMAND: restart bot
[2025-12-27 01:30:30] RESULT: Initiated
[2025-12-27 01:30:30] ---
[2025-12-27 01:55:53] USER: 147274546061314@lid
[2025-12-27 01:55:53] COMMAND: restart bot
[2025-12-27 01:55:53] RESULT: Initiated
[2025-12-27 01:55:53] ---
[2025-12-27 02:55:23] USER: 147274546061314@lid
[2025-12-27 02:55:23] COMMAND: restart bot
[2025-12-27 02:55:23] RESULT: Initiated
[2025-12-27 02:55:23] ---
[2025-12-27 14:29:10] USER: 147274546061314@lid
[2025-12-27 14:29:10] COMMAND: restart bot
[2025-12-27 14:29:10] RESULT: Initiated
[2025-12-27 14:29:10] ---
[2025-12-28 16:44:27] USER: 147274546061314@lid
[2025-12-28 16:44:27] COMMAND: file create alquran.js
[2025-12-28 16:44:27] RESULT: Success
[2025-12-28 16:44:27] ---
[2025-12-28 16:44:35] USER: 147274546061314@lid
[2025-12-28 16:44:35] COMMAND: restart bot
[2025-12-28 16:44:35] RESULT: Initiated
[2025-12-28 16:44:35] ---
[2025-12-28 16:46:09] USER: 147274546061314@lid
[2025-12-28 16:46:09] COMMAND: file delete alquran.js
[2025-12-28 16:46:09] RESULT: Success (Confirmed)
[2025-12-28 16:46:09] ---
[2025-12-28 16:47:31] USER: 147274546061314@lid
[2025-12-28 16:47:31] COMMAND: file create alquran.js
[2025-12-28 16:47:31] RESULT: Success
[2025-12-28 16:47:31] ---
[2025-12-28 16:47:39] USER: 147274546061314@lid
[2025-12-28 16:47:39] COMMAND: restart bot
[2025-12-28 16:47:39] RESULT: Initiated
[2025-12-28 16:47:39] ---
[2025-12-28 16:49:10] USER: 147274546061314@lid
[2025-12-28 16:49:10] COMMAND: plugin list
[2025-12-28 16:49:10] RESULT: Success
[2025-12-28 16:49:10] ---
[2025-12-28 16:51:14] USER: 147274546061314@lid
[2025-12-28 16:51:14] COMMAND: file delete alquran.js
[2025-12-28 16:51:14] RESULT: Success (Confirmed)
[2025-12-28 16:51:14] ---
[2025-12-28 16:51:35] USER: 147274546061314@lid
[2025-12-28 16:51:35] COMMAND: file create ayat.js
[2025-12-28 16:51:35] RESULT: Success
[2025-12-28 16:51:35] ---
[2025-12-28 16:51:44] USER: 147274546061314@lid
[2025-12-28 16:51:44] COMMAND: restart bot
[2025-12-28 16:51:44] RESULT: Initiated
[2025-12-28 16:51:44] ---
[2025-12-28 16:55:33] USER: 147274546061314@lid
[2025-12-28 16:55:33] COMMAND: exec node --version
[2025-12-28 16:55:33] RESULT: Success
[2025-12-28 16:55:33] ---
[2025-12-30 13:31:42] USER: 147274546061314@lid
[2025-12-30 13:31:42] COMMAND: restart bot
[2025-12-30 13:31:42] RESULT: Initiated
[2025-12-30 13:31:42] ---
[2025-12-30 13:56:26] USER: 147274546061314@lid
[2025-12-30 13:56:26] COMMAND: file create alquran.js
[2025-12-30 13:56:26] RESULT: Success
[2025-12-30 13:56:26] ---
[2025-12-30 13:56:32] USER: 147274546061314@lid
[2025-12-30 13:56:32] COMMAND: restart bot
[2025-12-30 13:56:32] RESULT: Initiated
[2025-12-30 13:56:32] ---
[2025-12-30 14:48:13] USER: 147274546061314@lid
[2025-12-30 14:48:13] COMMAND: file cd commands
[2025-12-30 14:48:13] RESULT: Success
[2025-12-30 14:48:13] ---
[2025-12-30 14:48:47] USER: 147274546061314@lid
[2025-12-30 14:48:47] COMMAND: file list commands
[2025-12-30 14:48:47] RESULT: Success
[2025-12-30 14:48:47] ---
[2025-12-30 14:49:21] USER: 147274546061314@lid
[2025-12-30 14:49:21] COMMAND: file create commands\alquran.js
[2025-12-30 14:49:21] RESULT: Success
[2025-12-30 14:49:21] ---
[2025-12-30 14:49:44] USER: 147274546061314@lid
[2025-12-30 14:49:44] COMMAND: restart bot
[2025-12-30 14:49:44] RESULT: Initiated
[2025-12-30 14:49:44] ---
[2025-12-30 14:53:29] USER: 147274546061314@lid
[2025-12-30 14:53:29] COMMAND: restart bot
[2025-12-30 14:53:29] RESULT: Initiated
[2025-12-30 14:53:29] ---
[2025-12-31 01:16:20] USER: 147274546061314@lid
[2025-12-31 01:16:20] COMMAND: file cd commands
[2025-12-31 01:16:20] RESULT: Success
[2025-12-31 01:16:20] ---
[2025-12-31 01:16:28] USER: 147274546061314@lid
[2025-12-31 01:16:28] COMMAND: file list commands
[2025-12-31 01:16:28] RESULT: Success
[2025-12-31 01:16:28] ---
[2025-12-31 01:16:54] USER: 147274546061314@lid
[2025-12-31 01:16:54] COMMAND: file read commands\alquran.js
[2025-12-31 01:16:54] RESULT: Success
[2025-12-31 01:16:54] ---
[2025-12-31 01:18:45] USER: 147274546061314@lid
[2025-12-31 01:18:45] COMMAND: file edit commands\alquran.js
[2025-12-31 01:18:45] RESULT: Success
[2025-12-31 01:18:45] ---
[2025-12-31 01:18:53] USER: 147274546061314@lid
[2025-12-31 01:18:53] COMMAND: restart bot
[2025-12-31 01:18:53] RESULT: Initiated
[2025-12-31 01:18:53] ---
[2026-01-03 06:10:42] USER: 147274546061314@lid
[2026-01-03 06:10:42] COMMAND: restart bot
[2026-01-03 06:10:42] RESULT: Initiated
[2026-01-03 06:10:42] ---
[2026-01-03 06:12:52] USER: 147274546061314@lid
[2026-01-03 06:12:52] COMMAND: file cd commands
[2026-01-03 06:12:52] RESULT: Success
[2026-01-03 06:12:52] ---
[2026-01-03 06:13:02] USER: 147274546061314@lid
[2026-01-03 06:13:02] COMMAND: file list commands
[2026-01-03 06:13:02] RESULT: Success
[2026-01-03 06:13:02] ---
[2026-01-03 06:13:44] USER: 147274546061314@lid
[2026-01-03 06:13:44] COMMAND: file cd .
[2026-01-03 06:13:44] RESULT: Success
[2026-01-03 06:13:44] ---
[2026-01-03 06:13:57] USER: 147274546061314@lid
[2026-01-03 06:13:57] COMMAND: file list .
[2026-01-03 06:13:57] RESULT: Success
[2026-01-03 06:13:57] ---
[2026-01-03 06:14:27] USER: 147274546061314@lid
[2026-01-03 06:14:27] COMMAND: file list .
[2026-01-03 06:14:27] RESULT: Success
[2026-01-03 06:14:27] ---
[2026-01-03 06:15:06] USER: 147274546061314@lid
[2026-01-03 06:15:06] COMMAND: file list .
[2026-01-03 06:15:06] RESULT: Success
[2026-01-03 06:15:06] ---
[2026-01-03 06:16:06] USER: 147274546061314@lid
[2026-01-03 06:16:06] COMMAND: file cd commands
[2026-01-03 06:16:06] RESULT: Success
[2026-01-03 06:16:06] ---
[2026-01-03 06:16:23] USER: 147274546061314@lid
[2026-01-03 06:16:23] COMMAND: file create commands\testing.js
[2026-01-03 06:16:23] RESULT: Success
[2026-01-03 06:16:23] ---
[2026-01-03 06:16:32] USER: 147274546061314@lid
[2026-01-03 06:16:32] COMMAND: file read commands\testing.js
[2026-01-03 06:16:32] RESULT: Success
[2026-01-03 06:16:32] ---
[2026-01-03 06:16:40] USER: 147274546061314@lid
[2026-01-03 06:16:40] COMMAND: file list commands
[2026-01-03 06:16:40] RESULT: Success
[2026-01-03 06:16:40] ---
[2026-01-03 06:17:23] USER: 147274546061314@lid
[2026-01-03 06:17:23] COMMAND: file delete commands\testing.js
[2026-01-03 06:17:23] RESULT: Success (Confirmed)
[2026-01-03 06:17:23] ---
[2026-01-03 06:17:58] USER: 147274546061314@lid
[2026-01-03 06:17:58] COMMAND: restart bot
[2026-01-03 06:17:58] RESULT: Initiated
[2026-01-03 06:17:58] ---
[2026-01-03 06:27:12] USER: 147274546061314@lid
[2026-01-03 06:27:12] COMMAND: restart bot
[2026-01-03 06:27:12] RESULT: Initiated
[2026-01-03 06:27:12] ---
[2026-01-03 06:28:57] USER: 147274546061314@lid
[2026-01-03 06:28:57] COMMAND: file list .
[2026-01-03 06:28:57] RESULT: Success
[2026-01-03 06:28:57] ---
[2026-01-03 06:29:16] USER: 147274546061314@lid
[2026-01-03 06:29:16] COMMAND: file cd commands
[2026-01-03 06:29:16] RESULT: Success
[2026-01-03 06:29:16] ---
[2026-01-03 06:29:22] USER: 147274546061314@lid
[2026-01-03 06:29:22] COMMAND: file read commands\rvo.js
[2026-01-03 06:29:22] RESULT: Success
[2026-01-03 06:29:22] ---
[2026-01-03 06:30:33] USER: 147274546061314@lid
[2026-01-03 06:30:33] COMMAND: file cd commands
[2026-01-03 06:30:33] RESULT: Success
[2026-01-03 06:30:33] ---
[2026-01-03 06:30:36] USER: 147274546061314@lid
[2026-01-03 06:30:36] COMMAND: file read commands\rvo.js
[2026-01-03 06:30:36] RESULT: Success
[2026-01-03 06:30:36] ---
[2026-01-03 06:33:14] USER: 147274546061314@lid
[2026-01-03 06:33:14] COMMAND: restart bot
[2026-01-03 06:33:14] RESULT: Initiated
[2026-01-03 06:33:14] ---
[2026-01-03 06:35:19] USER: 147274546061314@lid
[2026-01-03 06:35:19] COMMAND: restart bot
[2026-01-03 06:35:19] RESULT: Initiated
[2026-01-03 06:35:19] ---
[2026-01-04 17:38:25] USER: 147274546061314@lid
[2026-01-04 17:38:25] COMMAND: file list .
[2026-01-04 17:38:25] RESULT: Success
[2026-01-04 17:38:25] ---
[2026-01-04 17:38:53] USER: 147274546061314@lid
[2026-01-04 17:38:53] COMMAND: file cd commands
[2026-01-04 17:38:53] RESULT: Success
[2026-01-04 17:38:53] ---
[2026-01-04 17:38:59] USER: 147274546061314@lid
[2026-01-04 17:38:59] COMMAND: file list commands
[2026-01-04 17:38:59] RESULT: Success
[2026-01-04 17:38:59] ---
[2026-01-06 15:56:14] USER: 147274546061314@lid
[2026-01-06 15:56:14] COMMAND: restart bot
[2026-01-06 15:56:14] RESULT: Initiated
[2026-01-06 15:56:14] ---
[2026-01-06 16:39:07] USER: 147274546061314@lid
[2026-01-06 16:39:07] COMMAND: restart bot
[2026-01-06 16:39:07] RESULT: Initiated
[2026-01-06 16:39:07] ---
[2026-01-06 17:01:48] USER: 147274546061314@lid
[2026-01-06 17:01:48] COMMAND: restart bot
[2026-01-06 17:01:48] RESULT: Initiated
[2026-01-06 17:01:48] ---
[2026-01-06 17:18:21] USER: 147274546061314@lid
[2026-01-06 17:18:21] COMMAND: restart bot
[2026-01-06 17:18:21] RESULT: Initiated
[2026-01-06 17:18:21] ---
[2026-01-08 11:57:07] USER: 147274546061314@lid
[2026-01-08 11:57:07] COMMAND: restart bot
[2026-01-08 11:57:07] RESULT: Initiated
[2026-01-08 11:57:07] ---
[2026-01-08 14:15:01] USER: 147274546061314@lid
[2026-01-08 14:15:01] COMMAND: restart bot
[2026-01-08 14:15:01] RESULT: Initiated
[2026-01-08 14:15:01] ---
[2026-01-08 14:16:13] USER: 147274546061314@lid
[2026-01-08 14:16:13] COMMAND: restart bot
[2026-01-08 14:16:13] RESULT: Initiated
[2026-01-08 14:16:13] ---
[2026-01-08 14:21:20] USER: 147274546061314@lid
[2026-01-08 14:21:20] COMMAND: restart bot
[2026-01-08 14:21:20] RESULT: Initiated
[2026-01-08 14:21:20] ---
[2026-01-08 14:25:39] USER: 147274546061314@lid
[2026-01-08 14:25:39] COMMAND: restart bot
[2026-01-08 14:25:39] RESULT: Initiated
[2026-01-08 14:25:39] ---
[2026-01-08 14:32:36] USER: 147274546061314@lid
[2026-01-08 14:32:36] COMMAND: restart bot
[2026-01-08 14:32:36] RESULT: Initiated
[2026-01-08 14:32:36] ---
[2026-01-08 14:37:21] USER: 147274546061314@lid
[2026-01-08 14:37:21] COMMAND: restart bot
[2026-01-08 14:37:21] RESULT: Initiated
[2026-01-08 14:37:21] ---
[2026-01-08 14:42:57] USER: 147274546061314@lid
[2026-01-08 14:42:57] COMMAND: restart bot
[2026-01-08 14:42:57] RESULT: Initiated
[2026-01-08 14:42:57] ---
[2026-01-08 14:47:01] USER: 147274546061314@lid
[2026-01-08 14:47:01] COMMAND: restart bot
[2026-01-08 14:47:01] RESULT: Initiated
[2026-01-08 14:47:01] ---
[2026-01-08 14:58:49] USER: 147274546061314@lid
[2026-01-08 14:58:49] COMMAND: restart bot
[2026-01-08 14:58:49] RESULT: Initiated
[2026-01-08 14:58:49] ---
[2026-01-08 15:11:45] USER: 147274546061314@lid
[2026-01-08 15:11:45] COMMAND: restart bot
[2026-01-08 15:11:45] RESULT: Initiated
[2026-01-08 15:11:45] ---
[2026-01-08 16:02:22] USER: 147274546061314@lid
[2026-01-08 16:02:22] COMMAND: restart bot
[2026-01-08 16:02:22] RESULT: Initiated
[2026-01-08 16:02:22] ---
[2026-01-08 16:08:49] USER: 147274546061314@lid
[2026-01-08 16:08:49] COMMAND: restart bot
[2026-01-08 16:08:49] RESULT: Initiated
[2026-01-08 16:08:49] ---
[2026-01-08 16:13:37] USER: 147274546061314@lid
[2026-01-08 16:13:37] COMMAND: restart bot
[2026-01-08 16:13:37] RESULT: Initiated
[2026-01-08 16:13:37] ---
[2026-01-08 17:38:21] USER: 147274546061314@lid
[2026-01-08 17:38:21] COMMAND: restart bot
[2026-01-08 17:38:21] RESULT: Initiated
[2026-01-08 17:38:21] ---
[2026-01-08 17:42:46] USER: 147274546061314@lid
[2026-01-08 17:42:46] COMMAND: restart bot
[2026-01-08 17:42:46] RESULT: Initiated
[2026-01-08 17:42:46] ---
[2026-01-08 17:46:04] USER: 147274546061314@lid
[2026-01-08 17:46:04] COMMAND: restart bot
[2026-01-08 17:46:04] RESULT: Initiated
[2026-01-08 17:46:04] ---
[2026-01-08 17:49:42] USER: 147274546061314@lid
[2026-01-08 17:49:42] COMMAND: restart bot
[2026-01-08 17:49:42] RESULT: Initiated
[2026-01-08 17:49:42] ---
[2026-01-10 14:23:36] USER: 147274546061314@lid
[2026-01-10 14:23:36] COMMAND: restart bot
[2026-01-10 14:23:36] RESULT: Initiated
[2026-01-10 14:23:36] ---
[2026-01-10 14:46:48] USER: 147274546061314@lid
[2026-01-10 14:46:48] COMMAND: restart bot
[2026-01-10 14:46:48] RESULT: Initiated
[2026-01-10 14:46:48] ---
[2026-01-10 14:52:16] USER: 147274546061314@lid
[2026-01-10 14:52:16] COMMAND: restart bot
[2026-01-10 14:52:16] RESULT: Initiated
[2026-01-10 14:52:16] ---
[2026-01-10 14:54:31] USER: 147274546061314@lid
[2026-01-10 14:54:31] COMMAND: restart bot
[2026-01-10 14:54:31] RESULT: Initiated
[2026-01-10 14:54:31] ---
[2026-01-10 17:20:40] USER: 147274546061314@lid
[2026-01-10 17:20:40] COMMAND: restart bot
[2026-01-10 17:20:40] RESULT: Initiated
[2026-01-10 17:20:40] ---
[2026-01-10 17:30:55] USER: 147274546061314@lid
[2026-01-10 17:30:55] COMMAND: restart bot
[2026-01-10 17:30:55] RESULT: Initiated
[2026-01-10 17:30:55] ---
[2026-01-10 17:34:54] USER: 147274546061314@lid
[2026-01-10 17:34:54] COMMAND: restart bot
[2026-01-10 17:34:54] RESULT: Initiated
[2026-01-10 17:34:54] ---
[2026-01-10 17:39:07] USER: 147274546061314@lid
[2026-01-10 17:39:07] COMMAND: restart bot
[2026-01-10 17:39:07] RESULT: Initiated
[2026-01-10 17:39:07] ---
[2026-01-10 17:51:33] USER: 147274546061314@lid
[2026-01-10 17:51:33] COMMAND: file cd commands
[2026-01-10 17:51:33] RESULT: Success
[2026-01-10 17:51:33] ---
[2026-01-10 17:51:42] USER: 147274546061314@lid
[2026-01-10 17:51:42] COMMAND: file list commands
[2026-01-10 17:51:42] RESULT: Success
[2026-01-10 17:51:42] ---
[2026-01-10 17:52:01] USER: 147274546061314@lid
[2026-01-10 17:52:01] COMMAND: file read commands\autodl.js
[2026-01-10 17:52:01] RESULT: Success
[2026-01-10 17:52:01] ---
[2026-01-10 17:54:17] USER: 147274546061314@lid
[2026-01-10 17:54:17] COMMAND: file cd .
[2026-01-10 17:54:17] RESULT: Success
[2026-01-10 17:54:17] ---
[2026-01-10 17:54:32] USER: 147274546061314@lid
[2026-01-10 17:54:32] COMMAND: file cd Lib
[2026-01-10 17:54:32] RESULT: Success
[2026-01-10 17:54:32] ---
[2026-01-10 17:54:48] USER: 147274546061314@lid
[2026-01-10 17:54:48] COMMAND: file read Lib\autodl_manager.js
[2026-01-10 17:54:48] RESULT: Success
[2026-01-10 17:54:48] ---
[2026-01-10 18:06:05] USER: 147274546061314@lid
[2026-01-10 18:06:05] COMMAND: restart bot
[2026-01-10 18:06:05] RESULT: Initiated
[2026-01-10 18:06:05] ---
[2026-01-11 06:31:20] USER: 147274546061314@lid
[2026-01-11 06:31:20] COMMAND: restart bot
[2026-01-11 06:31:20] RESULT: Initiated
[2026-01-11 06:31:20] ---
[2026-01-11 07:48:56] USER: 147274546061314@lid
[2026-01-11 07:48:56] COMMAND: exec shutdown
[2026-01-11 07:48:56] RESULT: Success
[2026-01-11 07:48:56] ---
[2026-01-11 15:12:15] USER: 147274546061314@lid
[2026-01-11 15:12:15] COMMAND: restart bot
[2026-01-11 15:12:15] RESULT: Initiated
[2026-01-11 15:12:15] ---
[2026-01-11 15:15:52] USER: 147274546061314@lid
[2026-01-11 15:15:52] COMMAND: restart bot
[2026-01-11 15:15:52] RESULT: Initiated
[2026-01-11 15:15:52] ---
[2026-01-13 05:12:58] USER: 147274546061314@lid
[2026-01-13 05:12:58] COMMAND: file cd commands
[2026-01-13 05:12:58] RESULT: Success
[2026-01-13 05:12:58] ---
[2026-01-13 05:13:08] USER: 147274546061314@lid
[2026-01-13 05:13:08] COMMAND: file read commands\ai.js
[2026-01-13 05:13:08] RESULT: Success
[2026-01-13 05:13:08] ---
[2026-01-13 05:13:41] USER: 147274546061314@lid
[2026-01-13 05:13:41] COMMAND: file read commands\ai.js
[2026-01-13 05:13:41] RESULT: Success
[2026-01-13 05:13:41] ---
[2026-01-13 06:49:42] USER: 147274546061314@lid
[2026-01-13 06:49:42] COMMAND: file cd commands
[2026-01-13 06:49:42] RESULT: Success
[2026-01-13 06:49:42] ---
[2026-01-13 06:49:50] USER: 147274546061314@lid
[2026-01-13 06:49:50] COMMAND: file read commands\s.js
[2026-01-13 06:49:50] RESULT: Success
[2026-01-13 06:49:50] ---
[2026-01-13 06:50:48] USER: 147274546061314@lid
[2026-01-13 06:50:48] COMMAND: file edit commands\s.js
[2026-01-13 06:50:48] RESULT: Success
[2026-01-13 06:50:48] ---
[2026-01-13 06:50:55] USER: 147274546061314@lid
[2026-01-13 06:50:55] COMMAND: restart bot
[2026-01-13 06:50:55] RESULT: Initiated
[2026-01-13 06:50:55] ---
[2026-01-13 06:53:12] USER: 147274546061314@lid
[2026-01-13 06:53:12] COMMAND: restart bot
[2026-01-13 06:53:12] RESULT: Initiated
[2026-01-13 06:53:12] ---
[2026-01-13 06:57:06] USER: 147274546061314@lid
[2026-01-13 06:57:06] COMMAND: file cd commands
[2026-01-13 06:57:06] RESULT: Success
[2026-01-13 06:57:06] ---
[2026-01-13 06:57:16] USER: 147274546061314@lid
[2026-01-13 06:57:16] COMMAND: file read commands\upsw.js
[2026-01-13 06:57:16] RESULT: Success
[2026-01-13 06:57:16] ---
[2026-01-13 07:01:36] USER: 147274546061314@lid
[2026-01-13 07:01:36] COMMAND: restart bot
[2026-01-13 07:01:36] RESULT: Initiated
[2026-01-13 07:01:36] ---
[2026-01-13 07:04:24] USER: 147274546061314@lid
[2026-01-13 07:04:24] COMMAND: restart bot
[2026-01-13 07:04:24] RESULT: Initiated
[2026-01-13 07:04:24] ---
[2026-01-13 08:48:29] USER: 147274546061314@lid
[2026-01-13 08:48:29] COMMAND: restart bot
[2026-01-13 08:48:29] RESULT: Initiated
[2026-01-13 08:48:29] ---
[2026-01-13 08:49:00] USER: 147274546061314@lid
[2026-01-13 08:49:00] COMMAND: file cd commands
[2026-01-13 08:49:00] RESULT: Success
[2026-01-13 08:49:00] ---
[2026-01-13 08:49:09] USER: 147274546061314@lid
[2026-01-13 08:49:09] COMMAND: file getfile commands\ai.js
[2026-01-13 08:49:09] RESULT: Success
[2026-01-13 08:49:09] ---
[2026-01-13 08:51:20] USER: 147274546061314@lid
[2026-01-13 08:51:20] COMMAND: file read commands\ai.js
[2026-01-13 08:51:20] RESULT: Success
[2026-01-13 08:51:20] ---
[2026-01-13 08:55:33] USER: 147274546061314@lid
[2026-01-13 08:55:33] COMMAND: file edit commands\ai.js
[2026-01-13 08:55:33] RESULT: Success
[2026-01-13 08:55:33] ---
[2026-01-13 08:55:39] USER: 147274546061314@lid
[2026-01-13 08:55:39] COMMAND: restart bot
[2026-01-13 08:55:39] RESULT: Initiated
[2026-01-13 08:55:39] ---
[2026-01-13 09:04:35] USER: 147274546061314@lid
[2026-01-13 09:04:35] COMMAND: file cd commands
[2026-01-13 09:04:35] RESULT: Success
[2026-01-13 09:04:35] ---
[2026-01-13 09:04:48] USER: 147274546061314@lid
[2026-01-13 09:04:48] COMMAND: file edit commands\ai.js
[2026-01-13 09:04:48] RESULT: Success
[2026-01-13 09:04:48] ---
[2026-01-13 09:04:54] USER: 147274546061314@lid
[2026-01-13 09:04:54] COMMAND: restart bot
[2026-01-13 09:04:54] RESULT: Initiated
[2026-01-13 09:04:54] ---
[2026-01-13 09:10:16] USER: 147274546061314@lid
[2026-01-13 09:10:16] COMMAND: file cd commands
[2026-01-13 09:10:16] RESULT: Success
[2026-01-13 09:10:16] ---
[2026-01-13 09:10:30] USER: 147274546061314@lid
[2026-01-13 09:10:30] COMMAND: file edit commands\ai.js
[2026-01-13 09:10:30] RESULT: Success
[2026-01-13 09:10:30] ---
[2026-01-13 09:10:38] USER: 147274546061314@lid
[2026-01-13 09:10:38] COMMAND: restart bot
[2026-01-13 09:10:38] RESULT: Initiated
[2026-01-13 09:10:38] ---
[2026-01-13 12:51:07] USER: 147274546061314@lid
[2026-01-13 12:51:07] COMMAND: restart bot
[2026-01-13 12:51:07] RESULT: Initiated
[2026-01-13 12:51:07] ---
[2026-01-13 14:35:25] USER: 147274546061314@lid
[2026-01-13 14:35:25] COMMAND: restart bot
[2026-01-13 14:35:25] RESULT: Initiated
[2026-01-13 14:35:25] ---
[2026-01-13 15:44:39] USER: 147274546061314@lid
[2026-01-13 15:44:39] COMMAND: restart bot
[2026-01-13 15:44:39] RESULT: Initiated
[2026-01-13 15:44:39] ---
[2026-01-13 16:41:57] USER: 147274546061314@lid
[2026-01-13 16:41:57] COMMAND: restart bot
[2026-01-13 16:41:57] RESULT: Initiated
[2026-01-13 16:41:57] ---
[2026-01-13 16:56:15] USER: 147274546061314@lid
[2026-01-13 16:56:15] COMMAND: restart bot
[2026-01-13 16:56:15] RESULT: Initiated
[2026-01-13 16:56:15] ---
[2026-01-13 17:00:40] USER: 147274546061314@lid
[2026-01-13 17:00:40] COMMAND: restart bot
[2026-01-13 17:00:40] RESULT: Initiated
[2026-01-13 17:00:40] ---
[2026-01-13 17:25:01] USER: 147274546061314@lid
[2026-01-13 17:25:01] COMMAND: restart bot
[2026-01-13 17:25:01] RESULT: Initiated
[2026-01-13 17:25:01] ---
[2026-01-14 05:40:46] USER: 147274546061314@lid
[2026-01-14 05:40:46] COMMAND: restart bot
[2026-01-14 05:40:46] RESULT: Initiated
[2026-01-14 05:40:46] ---
[2026-01-14 05:49:41] USER: 147274546061314@lid
[2026-01-14 05:49:41] COMMAND: restart bot
[2026-01-14 05:49:41] RESULT: Initiated
[2026-01-14 05:49:41] ---
[2026-01-14 06:58:22] USER: 147274546061314@lid
[2026-01-14 06:58:22] COMMAND: restart bot
[2026-01-14 06:58:22] RESULT: Initiated
[2026-01-14 06:58:22] ---
[2026-01-15 06:17:01] USER: 147274546061314@lid
[2026-01-15 06:17:01] COMMAND: restart bot
[2026-01-15 06:17:01] RESULT: Initiated
[2026-01-15 06:17:01] ---
[2026-01-15 06:24:50] USER: 147274546061314@lid
[2026-01-15 06:24:50] COMMAND: restart bot
[2026-01-15 06:24:50] RESULT: Initiated
[2026-01-15 06:24:50] ---
[2026-01-15 07:32:29] USER: 147274546061314@lid
[2026-01-15 07:32:29] COMMAND: restart bot
[2026-01-15 07:32:29] RESULT: Initiated
[2026-01-15 07:32:29] ---
[2026-01-15 07:40:18] USER: 147274546061314@lid
[2026-01-15 07:40:18] COMMAND: restart bot
[2026-01-15 07:40:18] RESULT: Initiated
[2026-01-15 07:40:18] ---
[2026-01-15 07:50:51] USER: 147274546061314@lid
[2026-01-15 07:50:51] COMMAND: restart bot
[2026-01-15 07:50:51] RESULT: Initiated
[2026-01-15 07:50:51] ---
[2026-01-15 08:00:18] USER: 147274546061314@lid
[2026-01-15 08:00:18] COMMAND: restart bot
[2026-01-15 08:00:18] RESULT: Initiated
[2026-01-15 08:00:18] ---
[2026-01-15 08:02:51] USER: 147274546061314@lid
[2026-01-15 08:02:51] COMMAND: file list .
[2026-01-15 08:02:51] RESULT: Success
[2026-01-15 08:02:51] ---
[2026-01-15 08:05:08] USER: 147274546061314@lid
[2026-01-15 08:05:08] COMMAND: file cd download
[2026-01-15 08:05:08] RESULT: Success
[2026-01-15 08:05:08] ---
[2026-01-15 08:22:29] USER: 147274546061314@lid
[2026-01-15 08:22:29] COMMAND: restart bot
[2026-01-15 08:22:29] RESULT: Initiated
[2026-01-15 08:22:29] ---
[2026-01-15 08:28:35] USER: 147274546061314@lid
[2026-01-15 08:28:35] COMMAND: file cd commands
[2026-01-15 08:28:35] RESULT: Success
[2026-01-15 08:28:35] ---
[2026-01-15 08:28:51] USER: 147274546061314@lid
[2026-01-15 08:28:51] COMMAND: file getfile commands\play.js
[2026-01-15 08:28:51] RESULT: Success
[2026-01-15 08:28:51] ---
[2026-01-15 08:29:27] USER: 147274546061314@lid
[2026-01-15 08:29:27] COMMAND: file read commands\play.js
[2026-01-15 08:29:27] RESULT: Success
[2026-01-15 08:29:27] ---
[2026-01-15 08:30:07] USER: 147274546061314@lid
[2026-01-15 08:30:07] COMMAND: file read commands\play.js --full
[2026-01-15 08:30:07] RESULT: Success
[2026-01-15 08:30:07] ---
[2026-01-15 09:03:56] USER: 147274546061314@lid
[2026-01-15 09:03:56] COMMAND: restart bot
[2026-01-15 09:03:56] RESULT: Initiated
[2026-01-15 09:03:56] ---
[2026-01-15 15:03:06] USER: 147274546061314@lid
[2026-01-15 15:03:06] COMMAND: restart bot
[2026-01-15 15:03:06] RESULT: Initiated
[2026-01-15 15:03:06] ---
[2026-01-15 15:06:46] USER: 147274546061314@lid
[2026-01-15 15:06:46] COMMAND: restart bot
[2026-01-15 15:06:46] RESULT: Initiated
[2026-01-15 15:06:46] ---
[2026-01-15 17:24:29] USER: 147274546061314@lid
[2026-01-15 17:24:29] COMMAND: restart bot
[2026-01-15 17:24:29] RESULT: Initiated
[2026-01-15 17:24:29] ---
[2026-01-15 17:34:33] USER: 147274546061314@lid
[2026-01-15 17:34:33] COMMAND: file cd commands
[2026-01-15 17:34:33] RESULT: Success
[2026-01-15 17:34:33] ---
[2026-01-15 17:35:11] USER: 147274546061314@lid
[2026-01-15 17:35:11] COMMAND: file read commands\tt.js
[2026-01-15 17:35:11] RESULT: Success
[2026-01-15 17:35:11] ---
[2026-01-15 17:35:30] USER: 147274546061314@lid
[2026-01-15 17:35:30] COMMAND: file read commands\tt.js --full
[2026-01-15 17:35:30] RESULT: Success
[2026-01-15 17:35:30] ---
[2026-01-15 17:37:50] USER: 147274546061314@lid
[2026-01-15 17:37:50] COMMAND: restart bot
[2026-01-15 17:37:50] RESULT: Initiated
[2026-01-15 17:37:50] ---
[2026-01-15 17:48:51] USER: 147274546061314@lid
[2026-01-15 17:48:51] COMMAND: restart bot
[2026-01-15 17:48:51] RESULT: Initiated
[2026-01-15 17:48:51] ---
[2026-01-16 03:47:47] USER: 147274546061314@lid
[2026-01-16 03:47:47] COMMAND: restart bot
[2026-01-16 03:47:47] RESULT: Initiated
[2026-01-16 03:47:47] ---
[2026-01-16 03:57:37] USER: 147274546061314@lid
[2026-01-16 03:57:37] COMMAND: restart bot
[2026-01-16 03:57:37] RESULT: Initiated
[2026-01-16 03:57:37] ---
[2026-01-16 04:15:29] USER: 147274546061314@lid
[2026-01-16 04:15:29] COMMAND: restart bot
[2026-01-16 04:15:29] RESULT: Initiated
[2026-01-16 04:15:29] ---
[2026-01-16 10:05:21] USER: 147274546061314@lid
[2026-01-16 10:05:21] COMMAND: restart bot
[2026-01-16 10:05:21] RESULT: Initiated
[2026-01-16 10:05:21] ---
[2026-01-16 10:46:58] USER: 147274546061314@lid
[2026-01-16 10:46:58] COMMAND: restart bot
[2026-01-16 10:46:58] RESULT: Initiated
[2026-01-16 10:46:58] ---
[2026-01-16 13:23:42] USER: 147274546061314@lid
[2026-01-16 13:23:42] COMMAND: restart bot
[2026-01-16 13:23:42] RESULT: Initiated
[2026-01-16 13:23:42] ---
[2026-01-16 13:31:49] USER: 147274546061314@lid
[2026-01-16 13:31:49] COMMAND: restart bot
[2026-01-16 13:31:49] RESULT: Initiated
[2026-01-16 13:31:49] ---
[2026-01-16 13:39:52] USER: 147274546061314@lid
[2026-01-16 13:39:52] COMMAND: restart bot
[2026-01-16 13:39:52] RESULT: Initiated
[2026-01-16 13:39:52] ---
[2026-01-16 13:45:15] USER: 147274546061314@lid
[2026-01-16 13:45:15] COMMAND: restart bot
[2026-01-16 13:45:15] RESULT: Initiated
[2026-01-16 13:45:15] ---
[2026-01-16 13:49:26] USER: 147274546061314@lid
[2026-01-16 13:49:26] COMMAND: restart bot
[2026-01-16 13:49:26] RESULT: Initiated
[2026-01-16 13:49:26] ---
[2026-01-16 13:56:58] USER: 147274546061314@lid
[2026-01-16 13:56:58] COMMAND: restart bot
[2026-01-16 13:56:58] RESULT: Initiated
[2026-01-16 13:56:58] ---
[2026-01-16 14:04:10] USER: 147274546061314@lid
[2026-01-16 14:04:10] COMMAND: restart bot
[2026-01-16 14:04:10] RESULT: Initiated
[2026-01-16 14:04:10] ---
[2026-01-16 14:08:24] USER: 147274546061314@lid
[2026-01-16 14:08:24] COMMAND: restart bot
[2026-01-16 14:08:24] RESULT: Initiated
[2026-01-16 14:08:24] ---
[2026-01-16 14:18:10] USER: 147274546061314@lid
[2026-01-16 14:18:10] COMMAND: restart bot
[2026-01-16 14:18:10] RESULT: Initiated
[2026-01-16 14:18:10] ---
[2026-01-16 14:20:38] USER: 147274546061314@lid
[2026-01-16 14:20:38] COMMAND: restart bot
[2026-01-16 14:20:38] RESULT: Initiated
[2026-01-16 14:20:38] ---
[2026-01-16 14:29:08] USER: 147274546061314@lid
[2026-01-16 14:29:08] COMMAND: restart bot
[2026-01-16 14:29:08] RESULT: Initiated
[2026-01-16 14:29:08] ---
[2026-01-16 14:32:52] USER: 147274546061314@lid
[2026-01-16 14:32:52] COMMAND: file cd commands
[2026-01-16 14:32:52] RESULT: Success
[2026-01-16 14:32:52] ---
[2026-01-16 14:33:10] USER: 147274546061314@lid
[2026-01-16 14:33:10] COMMAND: file delete commands\lirik.js
[2026-01-16 14:33:10] RESULT: Success (Confirmed)
[2026-01-16 14:33:10] ---
[2026-01-16 14:33:34] USER: 147274546061314@lid
[2026-01-16 14:33:34] COMMAND: restart bot
[2026-01-16 14:33:34] RESULT: Initiated
[2026-01-16 14:33:34] ---
[2026-01-16 14:40:17] USER: 147274546061314@lid
[2026-01-16 14:40:17] COMMAND: restart bot
[2026-01-16 14:40:17] RESULT: Initiated
[2026-01-16 14:40:17] ---
[2026-01-16 14:40:29] USER: 147274546061314@lid
[2026-01-16 14:40:29] COMMAND: restart bot
[2026-01-16 14:40:29] RESULT: Initiated
[2026-01-16 14:40:29] ---
[2026-01-16 15:23:52] USER: 147274546061314@lid
[2026-01-16 15:23:52] COMMAND: restart bot
[2026-01-16 15:23:52] RESULT: Initiated
[2026-01-16 15:23:52] ---
[2026-01-16 15:47:11] USER: 147274546061314@lid
[2026-01-16 15:47:11] COMMAND: restart bot
[2026-01-16 15:47:11] RESULT: Initiated
[2026-01-16 15:47:11] ---
[2026-01-16 15:52:13] USER: 147274546061314@lid
[2026-01-16 15:52:13] COMMAND: restart bot
[2026-01-16 15:52:13] RESULT: Initiated
[2026-01-16 15:52:13] ---
[2026-01-16 15:52:57] USER: 147274546061314@lid
[2026-01-16 15:52:57] COMMAND: restart bot
[2026-01-16 15:52:57] RESULT: Initiated
[2026-01-16 15:52:57] ---
[2026-01-16 15:53:04] USER: 147274546061314@lid
[2026-01-16 15:53:04] COMMAND: restart bot
[2026-01-16 15:53:04] RESULT: Initiated
[2026-01-16 15:53:04] ---
[2026-01-16 15:58:03] USER: 147274546061314@lid
[2026-01-16 15:58:03] COMMAND: restart bot
[2026-01-16 15:58:03] RESULT: Initiated
[2026-01-16 15:58:03] ---
[2026-01-16 16:19:31] USER: 147274546061314@lid
[2026-01-16 16:19:31] COMMAND: restart bot
[2026-01-16 16:19:31] RESULT: Initiated
[2026-01-16 16:19:31] ---
[2026-01-17 06:34:54] USER: 147274546061314@lid
[2026-01-17 06:34:54] COMMAND: restart bot
[2026-01-17 06:34:54] RESULT: Initiated
[2026-01-17 06:34:54] ---
[2026-01-17 07:06:48] USER: 215985617391858@lid
[2026-01-17 07:06:48] COMMAND: restart bot
[2026-01-17 07:06:48] RESULT: Initiated
[2026-01-17 07:06:48] ---
[2026-01-17 07:21:14] USER: 147274546061314@lid
[2026-01-17 07:21:14] COMMAND: restart bot
[2026-01-17 07:21:14] RESULT: Initiated
[2026-01-17 07:21:14] ---
[2026-01-17 07:22:46] USER: 147274546061314@lid
[2026-01-17 07:22:46] COMMAND: restart bot
[2026-01-17 07:22:46] RESULT: Initiated
[2026-01-17 07:22:46] ---
[2026-01-17 07:24:57] USER: 147274546061314@lid
[2026-01-17 07:24:57] COMMAND: restart bot
[2026-01-17 07:24:57] RESULT: Initiated
[2026-01-17 07:24:57] ---
[2026-01-17 07:40:37] USER: 147274546061314@lid
[2026-01-17 07:40:37] COMMAND: restart bot
[2026-01-17 07:40:37] RESULT: Initiated
[2026-01-17 07:40:37] ---
[2026-01-17 07:41:27] USER: 147274546061314@lid
[2026-01-17 07:41:27] COMMAND: restart bot
[2026-01-17 07:41:27] RESULT: Initiated
[2026-01-17 07:41:27] ---
[2026-01-17 07:53:18] USER: 147274546061314@lid
[2026-01-17 07:53:18] COMMAND: restart bot
[2026-01-17 07:53:18] RESULT: Initiated
[2026-01-17 07:53:18] ---
[2026-01-17 07:57:18] USER: 147274546061314@lid
[2026-01-17 07:57:18] COMMAND: restart bot
[2026-01-17 07:57:18] RESULT: Initiated
[2026-01-17 07:57:18] ---
[2026-01-17 08:04:20] USER: 147274546061314@lid
[2026-01-17 08:04:20] COMMAND: restart bot
[2026-01-17 08:04:20] RESULT: Initiated
[2026-01-17 08:04:20] ---
[2026-01-17 12:35:46] USER: 147274546061314@lid
[2026-01-17 12:35:46] COMMAND: restart bot
[2026-01-17 12:35:46] RESULT: Initiated
[2026-01-17 12:35:46] ---
[2026-01-17 15:02:45] USER: 147274546061314@lid
[2026-01-17 15:02:45] COMMAND: restart bot
[2026-01-17 15:02:45] RESULT: Initiated
[2026-01-17 15:02:45] ---
[2026-01-17 15:08:37] USER: 147274546061314@lid
[2026-01-17 15:08:37] COMMAND: plugin list
[2026-01-17 15:08:37] RESULT: Success
[2026-01-17 15:08:37] ---
[2026-01-17 16:04:00] USER: 147274546061314@lid
[2026-01-17 16:04:00] COMMAND: restart bot
[2026-01-17 16:04:00] RESULT: Initiated
[2026-01-17 16:04:00] ---
[2026-01-17 16:14:19] USER: 147274546061314@lid
[2026-01-17 16:14:19] COMMAND: restart bot
[2026-01-17 16:14:19] RESULT: Initiated
[2026-01-17 16:14:19] ---
[2026-01-17 16:15:54] USER: 147274546061314@lid
[2026-01-17 16:15:54] COMMAND: restart bot
[2026-01-17 16:15:54] RESULT: Initiated
[2026-01-17 16:15:54] ---
[2026-01-18 07:40:51] USER: 147274546061314@lid
[2026-01-18 07:40:51] COMMAND: file list .
[2026-01-18 07:40:51] RESULT: Success
[2026-01-18 07:40:51] ---
[2026-01-18 07:41:03] USER: 147274546061314@lid
[2026-01-18 07:41:03] COMMAND: file cd commands
[2026-01-18 07:41:03] RESULT: Success
[2026-01-18 07:41:03] ---
[2026-01-18 07:41:15] USER: 147274546061314@lid
[2026-01-18 07:41:15] COMMAND: file read commands\menu.js --full
[2026-01-18 07:41:15] RESULT: Success
[2026-01-18 07:41:15] ---
[2026-01-18 07:43:46] USER: 147274546061314@lid
[2026-01-18 07:43:46] COMMAND: file edit commands\menu.js
[2026-01-18 07:43:46] RESULT: Success
[2026-01-18 07:43:46] ---
[2026-01-18 07:43:52] USER: 147274546061314@lid
[2026-01-18 07:43:52] COMMAND: restart bot
[2026-01-18 07:43:52] RESULT: Initiated
[2026-01-18 07:43:52] ---
[2026-01-18 07:45:27] USER: 147274546061314@lid
[2026-01-18 07:45:27] COMMAND: file cd commands
[2026-01-18 07:45:27] RESULT: Success
[2026-01-18 07:45:27] ---
[2026-01-18 07:45:35] USER: 147274546061314@lid
[2026-01-18 07:45:35] COMMAND: file read commands\menu.js
[2026-01-18 07:45:35] RESULT: Success
[2026-01-18 07:45:35] ---
[2026-01-18 07:46:19] USER: 147274546061314@lid
[2026-01-18 07:46:19] COMMAND: file edit commands\menu.js
[2026-01-18 07:46:19] RESULT: Success
[2026-01-18 07:46:19] ---
[2026-01-18 07:46:27] USER: 147274546061314@lid
[2026-01-18 07:46:27] COMMAND: restart bot
[2026-01-18 07:46:27] RESULT: Initiated
[2026-01-18 07:46:27] ---
[2026-01-19 09:40:48] USER: 147274546061314@lid
[2026-01-19 09:40:48] COMMAND: restart bot
[2026-01-19 09:40:48] RESULT: Initiated
[2026-01-19 09:40:48] ---
[2026-01-19 09:51:40] USER: 147274546061314@lid
[2026-01-19 09:51:40] COMMAND: restart bot
[2026-01-19 09:51:40] RESULT: Initiated
[2026-01-19 09:51:40] ---
[2026-01-19 09:58:24] USER: 147274546061314@lid
[2026-01-19 09:58:24] COMMAND: restart bot
[2026-01-19 09:58:24] RESULT: Initiated
[2026-01-19 09:58:24] ---
[2026-01-19 11:24:45] USER: 147274546061314@lid
[2026-01-19 11:24:45] COMMAND: restart bot
[2026-01-19 11:24:45] RESULT: Initiated
[2026-01-19 11:24:45] ---
[2026-01-19 13:25:36] USER: 147274546061314@lid
[2026-01-19 13:25:36] COMMAND: restart bot
[2026-01-19 13:25:36] RESULT: Initiated
[2026-01-19 13:25:36] ---
[2026-01-19 20:45:11] USER: 147274546061314@lid
[2026-01-19 20:45:11] COMMAND: restart bot
[2026-01-19 20:45:11] RESULT: Initiated
[2026-01-19 20:45:11] ---
[2026-01-19 20:46:30] USER: 147274546061314@lid
[2026-01-19 20:46:30] COMMAND: restart bot
[2026-01-19 20:46:30] RESULT: Initiated
[2026-01-19 20:46:30] ---
[2026-01-19 20:58:47] USER: 147274546061314@lid
[2026-01-19 20:58:47] COMMAND: restart bot
[2026-01-19 20:58:47] RESULT: Initiated
[2026-01-19 20:58:47] ---
[2026-01-19 21:02:20] USER: 147274546061314@lid
[2026-01-19 21:02:20] COMMAND: restart bot
[2026-01-19 21:02:20] RESULT: Initiated
[2026-01-19 21:02:20] ---
[2026-01-19 21:09:34] USER: 147274546061314@lid
[2026-01-19 21:09:34] COMMAND: restart bot
[2026-01-19 21:09:34] RESULT: Initiated
[2026-01-19 21:09:34] ---
[2026-01-19 21:10:11] USER: 147274546061314@lid
[2026-01-19 21:10:11] COMMAND: restart bot
[2026-01-19 21:10:11] RESULT: Initiated
[2026-01-19 21:10:11] ---
[2026-01-19 21:35:18] USER: 147274546061314@lid
[2026-01-19 21:35:18] COMMAND: restart bot
[2026-01-19 21:35:18] RESULT: Initiated
[2026-01-19 21:35:18] ---
[2026-01-19 21:42:13] USER: 147274546061314@lid
[2026-01-19 21:42:13] COMMAND: restart bot
[2026-01-19 21:42:13] RESULT: Initiated
[2026-01-19 21:42:13] ---
[2026-01-19 21:59:51] USER: 147274546061314@lid
[2026-01-19 21:59:51] COMMAND: restart bot
[2026-01-19 21:59:51] RESULT: Initiated
[2026-01-19 21:59:51] ---
[2026-01-19 22:06:08] USER: 147274546061314@lid
[2026-01-19 22:06:08] COMMAND: restart bot
[2026-01-19 22:06:08] RESULT: Initiated
[2026-01-19 22:06:08] ---
[2026-01-19 22:11:23] USER: 147274546061314@lid
[2026-01-19 22:11:23] COMMAND: restart bot
[2026-01-19 22:11:23] RESULT: Initiated
[2026-01-19 22:11:23] ---
[2026-01-19 22:25:33] USER: 147274546061314@lid
[2026-01-19 22:25:33] COMMAND: restart bot
[2026-01-19 22:25:33] RESULT: Initiated
[2026-01-19 22:25:33] ---
[2026-01-20 04:48:49] USER: 147274546061314@lid
[2026-01-20 04:48:49] COMMAND: restart bot
[2026-01-20 04:48:49] RESULT: Initiated
[2026-01-20 04:48:49] ---
[2026-01-20 05:46:56] USER: 147274546061314@lid
[2026-01-20 05:46:56] COMMAND: restart bot
[2026-01-20 05:46:56] RESULT: Initiated
[2026-01-20 05:46:56] ---
[2026-01-20 05:55:59] USER: 147274546061314@lid
[2026-01-20 05:55:59] COMMAND: restart bot
[2026-01-20 05:55:59] RESULT: Initiated
[2026-01-20 05:55:59] ---
[2026-01-20 06:17:31] USER: 147274546061314@lid
[2026-01-20 06:17:31] COMMAND: restart bot
[2026-01-20 06:17:31] RESULT: Initiated
[2026-01-20 06:17:31] ---
[2026-01-20 06:23:37] USER: 147274546061314@lid
[2026-01-20 06:23:37] COMMAND: file list .
[2026-01-20 06:23:37] RESULT: Success
[2026-01-20 06:23:37] ---
[2026-01-20 06:24:11] USER: 147274546061314@lid
[2026-01-20 06:24:11] COMMAND: file read package.json
[2026-01-20 06:24:11] RESULT: Success
[2026-01-20 06:24:11] ---
[2026-01-23 21:06:25] USER: 147274546061314@lid
[2026-01-23 21:06:25] COMMAND: restart bot
[2026-01-23 21:06:25] RESULT: Initiated
[2026-01-23 21:06:25] ---
[2026-01-23 21:22:22] USER: 147274546061314@lid
[2026-01-23 21:22:22] COMMAND: restart bot
[2026-01-23 21:22:22] RESULT: Initiated
[2026-01-23 21:22:22] ---
[2026-01-23 21:32:55] USER: 147274546061314@lid
[2026-01-23 21:32:55] COMMAND: restart bot
[2026-01-23 21:32:55] RESULT: Initiated
[2026-01-23 21:32:55] ---
[2026-01-23 22:01:46] USER: 147274546061314@lid
[2026-01-23 22:01:46] COMMAND: restart bot
[2026-01-23 22:01:46] RESULT: Initiated
[2026-01-23 22:01:46] ---
[2026-01-23 22:14:24] USER: 147274546061314@lid
[2026-01-23 22:14:24] COMMAND: restart bot
[2026-01-23 22:14:24] RESULT: Initiated
[2026-01-23 22:14:24] ---
[2026-01-24 11:43:07] USER: 147274546061314@lid
[2026-01-24 11:43:07] COMMAND: file read package.json
[2026-01-24 11:43:07] RESULT: Success
[2026-01-24 11:43:07] ---
[2026-01-24 12:21:26] USER: 147274546061314@lid
[2026-01-24 12:21:26] COMMAND: restart bot
[2026-01-24 12:21:26] RESULT: Initiated
[2026-01-24 12:21:26] ---
[2026-01-24 12:58:23] USER: 147274546061314@lid
[2026-01-24 12:58:23] COMMAND: restart bot
[2026-01-24 12:58:23] RESULT: Initiated
[2026-01-24 12:58:23] ---
[2026-01-24 14:29:28] USER: 147274546061314@lid
[2026-01-24 14:29:28] COMMAND: restart bot
[2026-01-24 14:29:28] RESULT: Initiated
[2026-01-24 14:29:28] ---
[2026-01-26 11:54:05] USER: 147274546061314@lid
[2026-01-26 11:54:05] COMMAND: restart bot
[2026-01-26 11:54:05] RESULT: Initiated
[2026-01-26 11:54:05] ---
[2026-01-26 11:57:23] USER: 147274546061314@lid
[2026-01-26 11:57:23] COMMAND: restart bot
[2026-01-26 11:57:23] RESULT: Initiated
[2026-01-26 11:57:23] ---
[2026-01-26 12:28:24] USER: 147274546061314@lid
[2026-01-26 12:28:24] COMMAND: restart bot
[2026-01-26 12:28:24] RESULT: Initiated
[2026-01-26 12:28:24] ---
[2026-01-26 12:57:05] USER: 147274546061314@lid
[2026-01-26 12:57:05] COMMAND: restart bot
[2026-01-26 12:57:05] RESULT: Initiated
[2026-01-26 12:57:05] ---
[2026-01-26 13:02:34] USER: 147274546061314@lid
[2026-01-26 13:02:34] COMMAND: restart bot
[2026-01-26 13:02:34] RESULT: Initiated
[2026-01-26 13:02:34] ---
[2026-01-27 10:38:57] USER: 147274546061314@lid
[2026-01-27 10:38:57] COMMAND: restart bot
[2026-01-27 10:38:57] RESULT: Initiated
[2026-01-27 10:38:57] ---
[2026-01-27 10:57:41] USER: 147274546061314@lid
[2026-01-27 10:57:41] COMMAND: restart bot
[2026-01-27 10:57:41] RESULT: Initiated
[2026-01-27 10:57:41] ---
[2026-01-27 11:27:14] USER: 147274546061314@lid
[2026-01-27 11:27:14] COMMAND: restart bot
[2026-01-27 11:27:14] RESULT: Initiated
[2026-01-27 11:27:14] ---
[2026-01-27 11:40:00] USER: 147274546061314@lid
[2026-01-27 11:40:00] COMMAND: restart bot
[2026-01-27 11:40:00] RESULT: Initiated
[2026-01-27 11:40:00] ---
[2026-01-27 11:51:04] USER: 147274546061314@lid
[2026-01-27 11:51:04] COMMAND: restart bot
[2026-01-27 11:51:04] RESULT: Initiated
[2026-01-27 11:51:04] ---
[2026-01-27 11:54:00] USER: 147274546061314@lid
[2026-01-27 11:54:00] COMMAND: restart bot
[2026-01-27 11:54:00] RESULT: Initiated
[2026-01-27 11:54:00] ---
[2026-01-27 11:56:40] USER: 147274546061314@lid
[2026-01-27 11:56:40] COMMAND: restart bot
[2026-01-27 11:56:40] RESULT: Initiated
[2026-01-27 11:56:40] ---
[2026-01-27 11:59:16] USER: 147274546061314@lid
[2026-01-27 11:59:16] COMMAND: restart bot
[2026-01-27 11:59:16] RESULT: Initiated
[2026-01-27 11:59:16] ---
[2026-01-27 12:00:36] USER: 147274546061314@lid
[2026-01-27 12:00:36] COMMAND: restart bot
[2026-01-27 12:00:36] RESULT: Initiated
[2026-01-27 12:00:36] ---
[2026-01-27 12:22:30] USER: 147274546061314@lid
[2026-01-27 12:22:30] COMMAND: restart bot
[2026-01-27 12:22:30] RESULT: Initiated
[2026-01-27 12:22:30] ---
[2026-01-27 12:35:59] USER: 147274546061314@lid
[2026-01-27 12:35:59] COMMAND: restart bot
[2026-01-27 12:35:59] RESULT: Initiated
[2026-01-27 12:35:59] ---
[2026-01-27 12:39:05] USER: 147274546061314@lid
[2026-01-27 12:39:05] COMMAND: restart bot
[2026-01-27 12:39:05] RESULT: Initiated
[2026-01-27 12:39:05] ---
[2026-01-27 12:45:10] USER: 147274546061314@lid
[2026-01-27 12:45:10] COMMAND: restart bot
[2026-01-27 12:45:10] RESULT: Initiated
[2026-01-27 12:45:10] ---
[2026-01-28 03:56:31] USER: 147274546061314@lid
[2026-01-28 03:56:31] COMMAND: restart bot
[2026-01-28 03:56:31] RESULT: Initiated
[2026-01-28 03:56:31] ---
[2026-01-28 06:55:15] USER: 147274546061314@lid
[2026-01-28 06:55:15] COMMAND: restart bot
[2026-01-28 06:55:15] RESULT: Initiated
[2026-01-28 06:55:15] ---
[2026-01-28 06:59:28] USER: 147274546061314@lid
[2026-01-28 06:59:28] COMMAND: restart bot
[2026-01-28 06:59:28] RESULT: Initiated
[2026-01-28 06:59:28] ---
[2026-01-28 07:02:44] USER: 147274546061314@lid
[2026-01-28 07:02:44] COMMAND: restart bot
[2026-01-28 07:02:44] RESULT: Initiated
[2026-01-28 07:02:44] ---
[2026-01-28 07:58:15] USER: 147274546061314@lid
[2026-01-28 07:58:15] COMMAND: restart bot
[2026-01-28 07:58:15] RESULT: Initiated
[2026-01-28 07:58:15] ---
[2026-01-28 08:05:06] USER: 147274546061314@lid
[2026-01-28 08:05:06] COMMAND: restart bot
[2026-01-28 08:05:06] RESULT: Initiated
[2026-01-28 08:05:06] ---
[2026-01-28 08:30:27] USER: 147274546061314@lid
[2026-01-28 08:30:27] COMMAND: restart bot
[2026-01-28 08:30:27] RESULT: Initiated
[2026-01-28 08:30:27] ---
[2026-01-28 08:32:43] USER: 147274546061314@lid
[2026-01-28 08:32:43] COMMAND: restart bot
[2026-01-28 08:32:43] RESULT: Initiated
[2026-01-28 08:32:43] ---
[2026-01-28 08:34:02] USER: 147274546061314@lid
[2026-01-28 08:34:02] COMMAND: restart bot
[2026-01-28 08:34:02] RESULT: Initiated
[2026-01-28 08:34:02] ---
[2026-01-28 08:36:46] USER: 147274546061314@lid
[2026-01-28 08:36:46] COMMAND: restart bot
[2026-01-28 08:36:46] RESULT: Initiated
[2026-01-28 08:36:46] ---
[2026-01-28 08:38:20] USER: 147274546061314@lid
[2026-01-28 08:38:20] COMMAND: restart bot
[2026-01-28 08:38:20] RESULT: Initiated
[2026-01-28 08:38:20] ---
[2026-01-28 08:50:17] USER: 147274546061314@lid
[2026-01-28 08:50:17] COMMAND: restart bot
[2026-01-28 08:50:17] RESULT: Initiated
[2026-01-28 08:50:17] ---
[2026-01-28 08:51:45] USER: 147274546061314@lid
[2026-01-28 08:51:45] COMMAND: restart bot
[2026-01-28 08:51:45] RESULT: Initiated
[2026-01-28 08:51:45] ---
[2026-01-28 09:06:03] USER: 147274546061314@lid
[2026-01-28 09:06:03] COMMAND: restart bot
[2026-01-28 09:06:03] RESULT: Initiated
[2026-01-28 09:06:03] ---
[2026-01-28 09:08:34] USER: 147274546061314@lid
[2026-01-28 09:08:34] COMMAND: restart bot
[2026-01-28 09:08:34] RESULT: Initiated
[2026-01-28 09:08:34] ---
[2026-01-28 17:00:25] USER: 147274546061314@lid
[2026-01-28 17:00:25] COMMAND: restart bot
[2026-01-28 17:00:25] RESULT: Initiated
[2026-01-28 17:00:25] ---
[2026-01-29 11:43:16] USER: 147274546061314@lid
[2026-01-29 11:43:16] COMMAND: restart bot
[2026-01-29 11:43:16] RESULT: Initiated
[2026-01-29 11:43:16] ---
[2026-01-31 14:34:00] USER: 147274546061314@lid
[2026-01-31 14:34:00] COMMAND: restart bot
[2026-01-31 14:34:00] RESULT: Initiated
[2026-01-31 14:34:00] ---
[2026-01-31 15:04:33] USER: 147274546061314@lid
[2026-01-31 15:04:33] COMMAND: restart bot
[2026-01-31 15:04:33] RESULT: Initiated
[2026-01-31 15:04:33] ---
[2026-01-31 16:02:06] USER: 147274546061314@lid
[2026-01-31 16:02:06] COMMAND: restart bot
[2026-01-31 16:02:06] RESULT: Initiated
[2026-01-31 16:02:06] ---
[2026-02-01 15:20:32] USER: 147274546061314@lid
[2026-02-01 15:20:32] COMMAND: restart bot
[2026-02-01 15:20:32] RESULT: Initiated
[2026-02-01 15:20:32] ---
[2026-02-01 15:27:57] USER: 147274546061314@lid
[2026-02-01 15:27:57] COMMAND: restart bot
[2026-02-01 15:27:57] RESULT: Initiated
[2026-02-01 15:27:57] ---
[2026-02-04 13:59:12] USER: 147274546061314@lid
[2026-02-04 13:59:12] COMMAND: restart bot
[2026-02-04 13:59:12] RESULT: Initiated
[2026-02-04 13:59:12] ---
[2026-02-04 14:05:29] USER: 147274546061314@lid
[2026-02-04 14:05:29] COMMAND: restart bot
[2026-02-04 14:05:29] RESULT: Initiated
[2026-02-04 14:05:29] ---
[2026-02-04 14:13:16] USER: 147274546061314@lid
[2026-02-04 14:13:16] COMMAND: restart bot
[2026-02-04 14:13:16] RESULT: Initiated
[2026-02-04 14:13:16] ---
[2026-05-25 13:22:17] USER: 147274546061314@lid
[2026-05-25 13:22:17] COMMAND: restart bot
[2026-05-25 13:22:17] RESULT: Initiated
[2026-05-25 13:22:17] ---
[2026-05-25 13:25:26] USER: 147274546061314@lid
[2026-05-25 13:25:26] COMMAND: restart bot
[2026-05-25 13:25:26] RESULT: Initiated
[2026-05-25 13:25:26] ---
